Test artifact from AlphaBrain